// Jest Snapshot v1, https://goo.gl/fbAQLP

exports[`Banner img render Snapshot of Banner 1`] = `
<DocumentFragment>
  <div
    class="main-banner"
  >
    <div
      class="title-banner"
    >
      <h2
        class="title-dos"
      >
        MARVEL Beezy EDITION
      </h2>
      <h4
        class="title-cuatro"
      >
        This is a technical exercise for Beezy to showcase front-end development skills
      </h4>
    </div>
    <div
      class="gradient-container"
    />
  </div>
</DocumentFragment>
`;
