// Jest Snapshot v1, https://goo.gl/fbAQLP

exports[`Displayer rendering Snapshot of Displayer 1`] = `
<DocumentFragment>
  <div
    class="main-displayer"
  >
    <div
      class="title-displayer"
    >
      <h3
        data-testid="header"
      >
        MARVEL CHARACTERS LIST
      </h3>
    </div>
    <div
      class="body-displayer"
    >
      <div
        class="main-card"
      >
        <a
          href="/detail/id:1011334"
        />
        <div
          class="img-card"
        >
          <img
            alt="Batman1011334"
            src="http://i.annihil.us/u/prod/marvel/i/mg/c/e0/535fecbbb9784.jpg"
          />
        </div>
        <div
          class="info-card"
        >
          <div
            class="hover-red"
          />
          <h4
            class="text-name"
            data-testid="Info-name"
          >
            BATMAN
          </h4>
        </div>
      </div>
    </div>
  </div>
</DocumentFragment>
`;
